***Tue Jun 20 14:56:32 IDT 2017 : error***1
***Tue Jun 20 14:56:32 IDT 2017 : error2***1
